No projects matched the filters in "D:\archiveaq\Arch_App"
